
===========================================================================
 report_power
============================================================================
======================= nom_tt_025C_1v80 Corner ===================================

Group                    Internal    Switching      Leakage        Total
                            Power        Power        Power        Power (Watts)
------------------------------------------------------------------------
Sequential           1.610616e-05 2.390446e-05 4.428901e-10 4.001107e-05  35.7%
Combinational        2.263234e-05 1.644478e-05 6.224352e-10 3.907774e-05  34.9%
Clock                2.755687e-05 5.308637e-06 6.280185e-10 3.286613e-05  29.4%
Macro                0.000000e+00 0.000000e+00 0.000000e+00 0.000000e+00   0.0%
Pad                  0.000000e+00 0.000000e+00 0.000000e+00 0.000000e+00   0.0%
------------------------------------------------------------------------
Total                6.629538e-05 4.565789e-05 1.693345e-09 1.119550e-04 100.0%
                            59.2%        40.8%         0.0%

