============================================================
  Generated by:           Genus(TM) Synthesis Solution 22.16-s078_1
  Generated on:           Mar 06 2026  07:02:35 pm
  Module:                 i2c_master_controller
  Operating conditions:   PVT_1P32V_0C (balanced_tree)
  Wireload mode:          enclosed
  Area mode:              timing library
============================================================

Timing
--------

Clock  Period 
--------------
clock 10000.0 


  Cost    Critical         Violating 
 Group   Path Slack  TNS     Paths   
-------------------------------------
clock        9916.8   0.0          0 
default    No paths   0.0            
-------------------------------------
Total                 0.0          0 

Instance Count
--------------
Leaf Instance Count             161 
Physical Instance count           0 
Sequential Instance Count        36 
Combinational Instance Count    125 
Hierarchical Instance Count       0 

Area
----
Cell Area                          430.578
Physical Cell Area                 0.000
Total Cell Area (Cell+Physical)    430.578
Net Area                           0.000
Total Area (Cell+Physical+Net)     430.578

Max Fanout                         36 (i2c_clk)
Min Fanout                         0 (n_117)
Average Fanout                     2.4
Terms to net ratio                 3.3011
Terms to instance ratio            3.8137
Runtime                            13.961274 seconds
Elapsed Runtime                    43 seconds
Genus peak memory usage            1836.57 
Innovus peak memory usage          no_value 
Hostname                           saitama
