============================================================
  Generated by:           Genus(TM) Synthesis Solution 22.16-s078_1
  Generated on:           Mar 06 2026  07:02:35 pm
  Module:                 i2c_master_controller
  Operating conditions:   PVT_1P32V_0C (balanced_tree)
  Wireload mode:          enclosed
  Area mode:              timing library
============================================================


Path 1: MET (9917 ps) Setup Check with Pin i2c_clk_reg/CK->D
          Group: clock
     Startpoint: (R) clk_counter_reg[0]/CK
          Clock: (R) clock
       Endpoint: (R) i2c_clk_reg/D
          Clock: (R) clock

                     Capture       Launch     
        Clock Edge:+   10000            0     
       Src Latency:+       0            0     
       Net Latency:+       0 (I)        0 (I) 
           Arrival:=   10000            0     
                                              
             Setup:-      17                  
     Required Time:=    9983                  
      Launch Clock:-       0                  
         Data Path:-      66                  
             Slack:=    9917                  

#-----------------------------------------------------------------------------------------------
#     Timing Point      Flags    Arc   Edge   Cell     Fanout Load Trans Delay Arrival Instance 
#                                                             (fF)  (ps)  (ps)   (ps)  Location 
#-----------------------------------------------------------------------------------------------
  clk_counter_reg[0]/CK -       -      R     (arrival)      2    -     0     0       0    (-,-) 
  clk_counter_reg[0]/QN -       CK->QN F     DFFRX1         2  0.6     5    50      50    (-,-) 
  g2323__1705/Y         -       A1->Y  R     OAI22XL        1  0.4    26    16      66    (-,-) 
  i2c_clk_reg/D         <<<     -      R     DFFSHQX1       1    -     -     0      66    (-,-) 
#-----------------------------------------------------------------------------------------------

