
===========================================================================
 report_power
============================================================================
======================= max_tt_025C_1v80 Corner ===================================

Group                    Internal    Switching      Leakage        Total
                            Power        Power        Power        Power (Watts)
------------------------------------------------------------------------
Sequential           1.602085e-05 2.456652e-05 4.428901e-10 4.058781e-05  35.9%
Combinational        2.264804e-05 1.692787e-05 6.224352e-10 3.957653e-05  35.0%
Clock                2.756875e-05 5.443217e-06 6.280185e-10 3.301259e-05  29.2%
Macro                0.000000e+00 0.000000e+00 0.000000e+00 0.000000e+00   0.0%
Pad                  0.000000e+00 0.000000e+00 0.000000e+00 0.000000e+00   0.0%
------------------------------------------------------------------------
Total                6.623764e-05 4.693759e-05 1.693345e-09 1.131769e-04 100.0%
                            58.5%        41.5%         0.0%

