
===========================================================================
 report_power
============================================================================
======================= nom_tt_025C_1v80 Corner ===================================

Group                    Internal    Switching      Leakage        Total
                            Power        Power        Power        Power (Watts)
------------------------------------------------------------------------
Sequential           1.643492e-05 2.433051e-05 4.372450e-10 4.076587e-05  53.9%
Combinational        2.409727e-05 1.072647e-05 5.441455e-10 3.482429e-05  46.1%
Clock                0.000000e+00 0.000000e+00 0.000000e+00 0.000000e+00   0.0%
Macro                0.000000e+00 0.000000e+00 0.000000e+00 0.000000e+00   0.0%
Pad                  0.000000e+00 0.000000e+00 0.000000e+00 0.000000e+00   0.0%
------------------------------------------------------------------------
Total                4.053220e-05 3.505698e-05 9.813909e-10 7.559016e-05 100.0%
                            53.6%        46.4%         0.0%

