============================================================
  Generated by:           Genus(TM) Synthesis Solution 22.16-s078_1
  Generated on:           Mar 18 2026  06:13:25 pm
  Module:                 i2c_slave_controller
  Operating conditions:   PVT_1P32V_0C (balanced_tree)
  Wireload mode:          enclosed
  Area mode:              timing library
============================================================

Timing
-------
  Cost    Critical         Violating 
 Group   Path Slack  TNS     Paths   
-------------------------------------
default    No paths   0.0            
-------------------------------------
Total                 0.0          0 

Instance Count
--------------
Leaf Instance Count             124 
Physical Instance count           0 
Sequential Instance Count        24 
Combinational Instance Count    100 
Hierarchical Instance Count       0 

Area
----
Cell Area                          313.956
Physical Cell Area                 0.000
Total Cell Area (Cell+Physical)    313.956
Net Area                           0.000
Total Area (Cell+Physical+Net)     313.956

Max Fanout                         24 (scl)
Min Fanout                         0 (address_reg[1])
Average Fanout                     2.3
Terms to net ratio                 3.4014
Terms to instance ratio            3.8952
Runtime                            12.96642 seconds
Elapsed Runtime                    25 seconds
Genus peak memory usage            1835.65 
Innovus peak memory usage          no_value 
Hostname                           saitama
