Clock: clk
Sources: clk 
Generated: no
Virtual: yes
Propagated: no
Period: 20.000000

===========================================================================
report_clock_properties
============================================================================
Clock                   Period          Waveform
----------------------------------------------------
clk                  20.000000    0.000000 10.000000

===========================================================================
report_clock_latency
============================================================================
Clock clk
rise -> rise
    min     max
0.000000 0.000000 source latency
0.477815         network latency _314_/CLK
        2.298336 network latency _294_/CLK
---------------
0.477815 2.298336 latency
        1.820521 skew

rise -> fall
    min     max
0.000000 0.000000 source latency
1.479671         network latency _293_/CLK
        2.435111 network latency _295_/CLK
---------------
1.479671 2.435111 latency
        0.955440 skew

fall -> fall
    min     max
0.000000 0.000000 source latency
0.502053         network latency _314_/CLK
        0.508606 network latency _315_/CLK
---------------
0.502053 0.508606 latency
        0.006552 skew



===========================================================================
report_clock_min_period
============================================================================
clk period_min = 4.56 fmax = 219.11
