============================================================
  Generated by:           Genus(TM) Synthesis Solution 22.16-s078_1
  Generated on:           Mar 05 2026  07:00:16 pm
  Module:                 i2c_master_controller
  Operating conditions:   PVT_0P9V_125C (balanced_tree)
  Wireload mode:          enclosed
  Area mode:              timing library
============================================================

Timing
--------

Clock  Period 
--------------
clk   10000.0 


  Cost    Critical         Violating 
 Group   Path Slack  TNS     Paths   
-------------------------------------
clk          9469.2   0.0          0 
default    No paths   0.0            
-------------------------------------
Total                 0.0          0 

Instance Count
--------------
Leaf Instance Count             142 
Physical Instance count           0 
Sequential Instance Count        36 
Combinational Instance Count    106 
Hierarchical Instance Count       0 

Area
----
Cell Area                          431.604
Physical Cell Area                 0.000
Total Cell Area (Cell+Physical)    431.604
Net Area                           0.000
Total Area (Cell+Physical+Net)     431.604

Max Fanout                         36 (i2c_clk)
Min Fanout                         0 (n_107)
Average Fanout                     2.5
Terms to net ratio                 3.4000
Terms to instance ratio            3.9507
Runtime                            13.965496 seconds
Elapsed Runtime                    143 seconds
Genus peak memory usage            1835.62 
Innovus peak memory usage          no_value 
Hostname                           saitama
