============================================================
  Generated by:           Genus(TM) Synthesis Solution 22.16-s078_1
  Generated on:           Mar 05 2026  07:00:15 pm
  Module:                 i2c_master_controller
  Operating conditions:   PVT_0P9V_125C (balanced_tree)
  Wireload mode:          enclosed
  Area mode:              timing library
============================================================


Path 1: MET (9469 ps) Setup Check with Pin i2c_clk_reg/CK->D
          Group: clk
     Startpoint: (R) clk_counter_reg[0]/CK
          Clock: (R) clk
       Endpoint: (R) i2c_clk_reg/D
          Clock: (R) clk

                     Capture       Launch     
        Clock Edge:+   10000            0     
       Src Latency:+       0            0     
       Net Latency:+       0 (I)        0 (I) 
           Arrival:=   10000            0     
                                              
             Setup:-     116                  
       Uncertainty:-      10                  
     Required Time:=    9874                  
      Launch Clock:-       0                  
         Data Path:-     405                  
             Slack:=    9469                  

#-----------------------------------------------------------------------------------------------
#     Timing Point      Flags    Arc   Edge   Cell     Fanout Load Trans Delay Arrival Instance 
#                                                             (fF)  (ps)  (ps)   (ps)  Location 
#-----------------------------------------------------------------------------------------------
  clk_counter_reg[0]/CK -       -      R     (arrival)      2    -   100     0       0    (-,-) 
  clk_counter_reg[0]/QN -       CK->QN F     DFFRX1         2  0.6    28   338     338    (-,-) 
  g1767__8246/Y         -       A1->Y  R     OAI22X1        1  0.3    76    66     405    (-,-) 
  i2c_clk_reg/D         <<<     -      R     DFFSHQX1       1    -     -     0     405    (-,-) 
#-----------------------------------------------------------------------------------------------

