Clock: clk
Sources: clk 
Generated: no
Virtual: yes
Propagated: no
Period: 20.000000

===========================================================================
report_clock_properties
============================================================================
Clock                   Period          Waveform
----------------------------------------------------
clk                  20.000000    0.000000 10.000000

===========================================================================
report_clock_latency
============================================================================
Clock clk
rise -> rise
    min     max
0.000000 0.000000 source latency
0.270663         network latency _314_/CLK
        1.184043 network latency _294_/CLK
---------------
0.270663 1.184043 latency
        0.913380 skew

rise -> fall
    min     max
0.000000 0.000000 source latency
0.778037         network latency _293_/CLK
        1.245906 network latency _295_/CLK
---------------
0.778037 1.245906 latency
        0.467869 skew

fall -> fall
    min     max
0.000000 0.000000 source latency
0.277913         network latency _314_/CLK
        0.281775 network latency _315_/CLK
---------------
0.277913 0.281775 latency
        0.003862 skew



===========================================================================
report_clock_min_period
============================================================================
clk period_min = 2.35 fmax = 425.16
