
===========================================================================
 report_power
============================================================================
======================= nom_tt_025C_1v80 Corner ===================================

Group                    Internal    Switching      Leakage        Total
                            Power        Power        Power        Power (Watts)
------------------------------------------------------------------------
Sequential           1.649629e-05 2.018893e-05 4.428313e-10 3.668566e-05  34.8%
Combinational        2.255102e-05 1.394154e-05 6.231062e-10 3.649318e-05  34.6%
Clock                2.751167e-05 4.783901e-06 2.035719e-10 3.229578e-05  30.6%
Macro                0.000000e+00 0.000000e+00 0.000000e+00 0.000000e+00   0.0%
Pad                  0.000000e+00 0.000000e+00 0.000000e+00 0.000000e+00   0.0%
------------------------------------------------------------------------
Total                6.655898e-05 3.891438e-05 1.269513e-09 1.054746e-04 100.0%
                            63.1%        36.9%         0.0%
Writing metric power__internal__total: 6.655897595919669e-5
Writing metric power__switching__total: 3.891437881975435e-5
Writing metric power__leakage__total: 1.2695129392170657e-9
Writing metric power__total: 0.00010547462443355471

