============================================================
  Generated by:           Genus(TM) Synthesis Solution 22.16-s078_1
  Generated on:           Mar 06 2026  06:57:40 pm
  Module:                 i2c_slave_controller
  Operating conditions:   PVT_1P32V_0C (balanced_tree)
  Wireload mode:          enclosed
  Area mode:              timing library
============================================================

Timing
-------
  Cost    Critical         Violating 
 Group   Path Slack  TNS     Paths   
-------------------------------------
default    No paths   0.0            
-------------------------------------
Total                 0.0          0 

Instance Count
--------------
Leaf Instance Count             121 
Physical Instance count           0 
Sequential Instance Count        25 
Combinational Instance Count     96 
Hierarchical Instance Count       0 

Area
----
Cell Area                          322.506
Physical Cell Area                 0.000
Total Cell Area (Cell+Physical)    322.506
Net Area                           0.000
Total Area (Cell+Physical+Net)     322.506

Max Fanout                         25 (scl)
Min Fanout                         0 (n_94)
Average Fanout                     2.3
Terms to net ratio                 3.4234
Terms to instance ratio            3.8760
Runtime                            12.96325 seconds
Elapsed Runtime                    54 seconds
Genus peak memory usage            1835.64 
Innovus peak memory usage          no_value 
Hostname                           saitama
