
===========================================================================
 report_power
============================================================================
======================= min_ff_n40C_1v95 Corner ===================================

Group                    Internal    Switching      Leakage        Total
                            Power        Power        Power        Power (Watts)
------------------------------------------------------------------------
Sequential           1.675519e-05 2.771852e-05 7.221043e-10 4.447443e-05  35.4%
Combinational        2.422089e-05 1.910007e-05 1.130812e-09 4.332210e-05  34.5%
Clock                3.170461e-05 6.186566e-06 8.955162e-10 3.789207e-05  30.1%
Macro                0.000000e+00 0.000000e+00 0.000000e+00 0.000000e+00   0.0%
Pad                  0.000000e+00 0.000000e+00 0.000000e+00 0.000000e+00   0.0%
------------------------------------------------------------------------
Total                7.268070e-05 5.300517e-05 2.748435e-09 1.256886e-04 100.0%
                            57.8%        42.2%         0.0%

