
===========================================================================
 report_power
============================================================================
======================= nom_tt_025C_1v80 Corner ===================================

Group                    Internal    Switching      Leakage        Total
                            Power        Power        Power        Power (Watts)
------------------------------------------------------------------------
Sequential           1.650113e-05 2.019204e-05 4.428313e-10 3.669361e-05  34.8%
Combinational        2.255092e-05 1.393834e-05 6.007910e-10 3.648985e-05  34.6%
Clock                2.750453e-05 4.716146e-06 2.035719e-10 3.222088e-05  30.6%
Macro                0.000000e+00 0.000000e+00 0.000000e+00 0.000000e+00   0.0%
Pad                  0.000000e+00 0.000000e+00 0.000000e+00 0.000000e+00   0.0%
------------------------------------------------------------------------
Total                6.655657e-05 3.884652e-05 1.247198e-09 1.054043e-04 100.0%
                            63.1%        36.9%         0.0%
Writing metric power__internal__total: 6.6556574893184e-5
Writing metric power__switching__total: 3.884652323904447e-5
Writing metric power__leakage__total: 1.2471980115336123e-9
Writing metric power__total: 0.00010540434595895931

