
===========================================================================
 report_power
============================================================================
======================= nom_ss_100C_1v60 Corner ===================================

Group                    Internal    Switching      Leakage        Total
                            Power        Power        Power        Power (Watts)
------------------------------------------------------------------------
Sequential           1.273459e-05 1.884235e-05 7.479819e-07 3.232493e-05  53.3%
Combinational        1.940863e-05 8.222488e-06 6.931515e-07 2.832427e-05  46.7%
Clock                0.000000e+00 0.000000e+00 0.000000e+00 0.000000e+00   0.0%
Macro                0.000000e+00 0.000000e+00 0.000000e+00 0.000000e+00   0.0%
Pad                  0.000000e+00 0.000000e+00 0.000000e+00 0.000000e+00   0.0%
------------------------------------------------------------------------
Total                3.214323e-05 2.706484e-05 1.441133e-06 6.064920e-05 100.0%
                            53.0%        44.6%         2.4%

