xrun: 25.03-s001: (c) Copyright 1995-2025 Cadence Design Systems, Inc.
TOOL:	xrun	25.03-s001: Started on Mar 17, 2026 at 16:03:24 EDT
xrun
	-Q
	-unbuffered
	-timescale 1ns/1ns
	-sysv
	-access +rw
	-uvmnocdnsextra
	-uvmhome /xcelium25.03/tools//methodology/UVM/CDNS-IEEE/sv
	/xcelium25.03/tools//methodology/UVM/CDNS-IEEE/sv/src/uvm_macros.svh
	design.sv
	testbench.sv
	Top level design units:
		uvm_pkg
		tb
Loading snapshot worklib.tb:sv .................... Done
SVSEED default: 1
xcelium> source /xcelium25.03/tools/xcelium/files/xmsimrc
xcelium> source /xcelium25.03/tools//methodology/UVM/CDNS-IEEE/sv/files/tcl/uvm_sim.tcl
xcelium> run
UVM_INFO /xcelium25.03/tools/methodology/UVM/CDNS-IEEE/sv/src/base/uvm_root.svh(449) @ 0: reporter [UVM/RELNOTES] 
  ***********       IMPORTANT RELEASE NOTES         ************

  This implementation of the UVM Library deviates from the 1800.2-2017
  standard.  See the DEVIATIONS.md file contained in the release
  for more details.

----------------------------------------------------------------
Accellera:1800.2-2017:UVM:1.0

All copyright owners for this kit are listed in NOTICE.txt
All Rights Reserved Worldwide
----------------------------------------------------------------

      (Specify +UVM_NO_RELNOTES to turn off this notice)

UVM_INFO tb.sv(94) @ 0: reporter [TB] VCD dump enabled
UVM_INFO tb.sv(108) @ 0: reporter [TB] No test specified, running default my_test
UVM_INFO @ 0: reporter [RNTST] Running test my_test...
UVM_INFO my_test.sv(58) @ 0: uvm_test_top [my_test] Test configuration: type=basic, num_trans=10, addr=0x50, overrides=0
UVM_INFO my_agent.sv(54) @ 0: uvm_test_top.env.agt [my_agent] Agent config: is_active=1, interface_name=vif
UVM_INFO my_agent.sv(38) @ 0: uvm_test_top.env.agt [my_agent] Agent configured as ACTIVE
UVM_INFO my_test.sv(87) @ 0: uvm_test_top [my_test] Starting I2C test simulation
UVM_INFO my_test.sv(92) @ 0: uvm_test_top [my_test] ========================================
UVM_INFO my_test.sv(93) @ 0: uvm_test_top [my_test] I2C Test Information:
UVM_INFO my_test.sv(94) @ 0: uvm_test_top [my_test]   Test Type: basic
UVM_INFO my_test.sv(95) @ 0: uvm_test_top [my_test]   Transactions: 10
UVM_INFO my_test.sv(96) @ 0: uvm_test_top [my_test]   Target Address: 0x50
UVM_INFO my_test.sv(97) @ 0: uvm_test_top [my_test]   Sequence: my_sequence
UVM_INFO my_test.sv(98) @ 0: uvm_test_top [my_test] ========================================
UVM_INFO my_test.sv(116) @ 0: uvm_test_top [my_test] Starting sequence: my_sequence
UVM_INFO my_sequence.sv(30) @ 0: uvm_test_top.env.agt.seqr@@my_sequence [my_sequence] Sequence starting with 10 transactions
UVM_INFO tb.sv(68) @ 100: reporter [TB] Reset released
UVM_INFO my_driver.sv(42) @ 105: uvm_test_top.env.agt.drv [my_driver] Driving: addr=0x50, rw=0, data=0xe2
UVM_INFO my_monitor.sv(56) @ 105: uvm_test_top.env.agt.mon [my_monitor] Transaction started: addr=0x50, rw=0, data=0xe2
UVM_INFO my_monitor.sv(63) @ 116: uvm_test_top.env.agt.mon [my_monitor] Transaction complete: I2C Transaction: addr=0x50 (WRITE), data_in=0xe2, ack=1, nack=0
UVM_INFO my_scoreboard.sv(116) @ 116: uvm_test_top.env.scb [my_scoreboard] Scoreboard processing: I2C Transaction: addr=0x50 (WRITE), data_in=0xe2, ack=1, nack=0
UVM_INFO my_scoreboard.sv(159) @ 116: uvm_test_top.env.scb [my_scoreboard] Transaction PASSED: I2C Transaction: addr=0x50 (WRITE), data_in=0xe2, ack=1, nack=0
UVM_INFO my_driver.sv(42) @ 125: uvm_test_top.env.agt.drv [my_driver] Driving: addr=0x50, rw=0, data=0x5a
UVM_INFO my_monitor.sv(56) @ 125: uvm_test_top.env.agt.mon [my_monitor] Transaction started: addr=0x50, rw=0, data=0x5a
UVM_INFO my_monitor.sv(63) @ 136: uvm_test_top.env.agt.mon [my_monitor] Transaction complete: I2C Transaction: addr=0x50 (WRITE), data_in=0x5a, ack=1, nack=0
UVM_INFO my_scoreboard.sv(116) @ 136: uvm_test_top.env.scb [my_scoreboard] Scoreboard processing: I2C Transaction: addr=0x50 (WRITE), data_in=0x5a, ack=1, nack=0
UVM_INFO my_scoreboard.sv(159) @ 136: uvm_test_top.env.scb [my_scoreboard] Transaction PASSED: I2C Transaction: addr=0x50 (WRITE), data_in=0x5a, ack=1, nack=0
UVM_INFO my_driver.sv(42) @ 145: uvm_test_top.env.agt.drv [my_driver] Driving: addr=0x50, rw=0, data=0x7b
UVM_INFO my_monitor.sv(56) @ 145: uvm_test_top.env.agt.mon [my_monitor] Transaction started: addr=0x50, rw=0, data=0x7b
UVM_INFO tb.sv(75) @ 150: reporter [TB] Starting I2C Slave Model
UVM_INFO my_monitor.sv(63) @ 156: uvm_test_top.env.agt.mon [my_monitor] Transaction complete: I2C Transaction: addr=0x50 (WRITE), data_in=0x7b, ack=1, nack=0
UVM_INFO my_scoreboard.sv(116) @ 156: uvm_test_top.env.scb [my_scoreboard] Scoreboard processing: I2C Transaction: addr=0x50 (WRITE), data_in=0x7b, ack=1, nack=0
UVM_INFO my_scoreboard.sv(159) @ 156: uvm_test_top.env.scb [my_scoreboard] Transaction PASSED: I2C Transaction: addr=0x50 (WRITE), data_in=0x7b, ack=1, nack=0
UVM_INFO my_driver.sv(42) @ 165: uvm_test_top.env.agt.drv [my_driver] Driving: addr=0x50, rw=0, data=0x68
UVM_INFO my_monitor.sv(56) @ 165: uvm_test_top.env.agt.mon [my_monitor] Transaction started: addr=0x50, rw=0, data=0x68
UVM_INFO my_monitor.sv(63) @ 176: uvm_test_top.env.agt.mon [my_monitor] Transaction complete: I2C Transaction: addr=0x50 (WRITE), data_in=0x68, ack=1, nack=0
UVM_INFO my_scoreboard.sv(116) @ 176: uvm_test_top.env.scb [my_scoreboard] Scoreboard processing: I2C Transaction: addr=0x50 (WRITE), data_in=0x68, ack=1, nack=0
UVM_INFO my_scoreboard.sv(159) @ 176: uvm_test_top.env.scb [my_scoreboard] Transaction PASSED: I2C Transaction: addr=0x50 (WRITE), data_in=0x68, ack=1, nack=0
UVM_INFO my_driver.sv(42) @ 185: uvm_test_top.env.agt.drv [my_driver] Driving: addr=0x50, rw=1, data=0x22
UVM_INFO my_monitor.sv(56) @ 185: uvm_test_top.env.agt.mon [my_monitor] Transaction started: addr=0x50, rw=1, data=0x22
UVM_INFO my_driver.sv(51) @ 195: uvm_test_top.env.agt.drv [my_driver] Read data: 0xx
UVM_INFO my_monitor.sv(63) @ 196: uvm_test_top.env.agt.mon [my_monitor] Transaction complete: I2C Transaction: addr=0x50 ( READ), data_out=0x0, ack=1, nack=0
UVM_INFO my_scoreboard.sv(116) @ 196: uvm_test_top.env.scb [my_scoreboard] Scoreboard processing: I2C Transaction: addr=0x50 ( READ), data_out=0x0, ack=1, nack=0
UVM_INFO my_scoreboard.sv(159) @ 196: uvm_test_top.env.scb [my_scoreboard] Transaction PASSED: I2C Transaction: addr=0x50 ( READ), data_out=0x0, ack=1, nack=0
UVM_INFO my_driver.sv(42) @ 205: uvm_test_top.env.agt.drv [my_driver] Driving: addr=0x50, rw=1, data=0xb0
UVM_INFO my_monitor.sv(56) @ 205: uvm_test_top.env.agt.mon [my_monitor] Transaction started: addr=0x50, rw=1, data=0xb0
UVM_INFO my_driver.sv(51) @ 215: uvm_test_top.env.agt.drv [my_driver] Read data: 0xx
UVM_INFO my_monitor.sv(63) @ 216: uvm_test_top.env.agt.mon [my_monitor] Transaction complete: I2C Transaction: addr=0x50 ( READ), data_out=0x0, ack=1, nack=0
UVM_INFO my_scoreboard.sv(116) @ 216: uvm_test_top.env.scb [my_scoreboard] Scoreboard processing: I2C Transaction: addr=0x50 ( READ), data_out=0x0, ack=1, nack=0
UVM_INFO my_scoreboard.sv(159) @ 216: uvm_test_top.env.scb [my_scoreboard] Transaction PASSED: I2C Transaction: addr=0x50 ( READ), data_out=0x0, ack=1, nack=0
UVM_INFO my_driver.sv(42) @ 225: uvm_test_top.env.agt.drv [my_driver] Driving: addr=0x50, rw=1, data=0x5d
UVM_INFO my_monitor.sv(56) @ 225: uvm_test_top.env.agt.mon [my_monitor] Transaction started: addr=0x50, rw=1, data=0x5d
UVM_INFO my_driver.sv(51) @ 235: uvm_test_top.env.agt.drv [my_driver] Read data: 0xx
UVM_INFO my_monitor.sv(63) @ 236: uvm_test_top.env.agt.mon [my_monitor] Transaction complete: I2C Transaction: addr=0x50 ( READ), data_out=0x0, ack=1, nack=0
UVM_INFO my_scoreboard.sv(116) @ 236: uvm_test_top.env.scb [my_scoreboard] Scoreboard processing: I2C Transaction: addr=0x50 ( READ), data_out=0x0, ack=1, nack=0
UVM_INFO my_scoreboard.sv(159) @ 236: uvm_test_top.env.scb [my_scoreboard] Transaction PASSED: I2C Transaction: addr=0x50 ( READ), data_out=0x0, ack=1, nack=0
UVM_INFO my_driver.sv(42) @ 245: uvm_test_top.env.agt.drv [my_driver] Driving: addr=0x50, rw=0, data=0x32
UVM_INFO my_monitor.sv(56) @ 245: uvm_test_top.env.agt.mon [my_monitor] Transaction started: addr=0x50, rw=0, data=0x32
UVM_INFO my_monitor.sv(63) @ 256: uvm_test_top.env.agt.mon [my_monitor] Transaction complete: I2C Transaction: addr=0x50 (WRITE), data_in=0x32, ack=1, nack=0
UVM_INFO my_scoreboard.sv(116) @ 256: uvm_test_top.env.scb [my_scoreboard] Scoreboard processing: I2C Transaction: addr=0x50 (WRITE), data_in=0x32, ack=1, nack=0
UVM_INFO my_scoreboard.sv(159) @ 256: uvm_test_top.env.scb [my_scoreboard] Transaction PASSED: I2C Transaction: addr=0x50 (WRITE), data_in=0x32, ack=1, nack=0
UVM_INFO my_driver.sv(42) @ 265: uvm_test_top.env.agt.drv [my_driver] Driving: addr=0x50, rw=1, data=0xf3
UVM_INFO my_monitor.sv(56) @ 265: uvm_test_top.env.agt.mon [my_monitor] Transaction started: addr=0x50, rw=1, data=0xf3
UVM_INFO my_driver.sv(51) @ 275: uvm_test_top.env.agt.drv [my_driver] Read data: 0xx
UVM_INFO my_monitor.sv(63) @ 276: uvm_test_top.env.agt.mon [my_monitor] Transaction complete: I2C Transaction: addr=0x50 ( READ), data_out=0x0, ack=1, nack=0
UVM_INFO my_scoreboard.sv(116) @ 276: uvm_test_top.env.scb [my_scoreboard] Scoreboard processing: I2C Transaction: addr=0x50 ( READ), data_out=0x0, ack=1, nack=0
UVM_INFO my_scoreboard.sv(159) @ 276: uvm_test_top.env.scb [my_scoreboard] Transaction PASSED: I2C Transaction: addr=0x50 ( READ), data_out=0x0, ack=1, nack=0
UVM_INFO my_driver.sv(42) @ 285: uvm_test_top.env.agt.drv [my_driver] Driving: addr=0x50, rw=1, data=0x1a
UVM_INFO my_monitor.sv(56) @ 285: uvm_test_top.env.agt.mon [my_monitor] Transaction started: addr=0x50, rw=1, data=0x1a
UVM_INFO my_driver.sv(51) @ 295: uvm_test_top.env.agt.drv [my_driver] Read data: 0xx
UVM_INFO my_monitor.sv(63) @ 296: uvm_test_top.env.agt.mon [my_monitor] Transaction complete: I2C Transaction: addr=0x50 ( READ), data_out=0x0, ack=1, nack=0
UVM_INFO my_scoreboard.sv(116) @ 296: uvm_test_top.env.scb [my_scoreboard] Scoreboard processing: I2C Transaction: addr=0x50 ( READ), data_out=0x0, ack=1, nack=0
UVM_INFO my_scoreboard.sv(159) @ 296: uvm_test_top.env.scb [my_scoreboard] Transaction PASSED: I2C Transaction: addr=0x50 ( READ), data_out=0x0, ack=1, nack=0
UVM_INFO my_agent.sv(86) @ 315: uvm_test_top.env.agt [my_agent] Agent report: is_active=1
UVM_INFO my_scoreboard.sv(190) @ 315: uvm_test_top.env.scb [my_scoreboard] 
----------------------- I2C Scoreboard Report ------------------------------------
Total transactions checked: 10
  PASSED: 10
  FAILED: 0
Write operations: 5
Read operations: 5
ACK mismatches: 0
Data mismatches: 0
I2C Verification Master: PASSED
-------------------------------------------------------------------------

UVM_INFO my_test.sv(190) @ 315: uvm_test_top [my_test] I2C test completed
UVM_INFO /xcelium25.03/tools/methodology/UVM/CDNS-IEEE/sv/src/base/uvm_report_server.svh(864) @ 315: reporter [UVM/REPORT/SERVER] 
--- UVM Report Summary ---

** Report counts by severity
UVM_INFO :   77
UVM_WARNING :    0
UVM_ERROR :    0
UVM_FATAL :    0
** Report counts by id
[RNTST]     1
[TB]     4
[UVM/RELNOTES]     1
[my_agent]     3
[my_driver]    15
[my_monitor]    20
[my_scoreboard]    21
[my_sequence]     1
[my_test]    11

xmsim: *W,SLFINV: Call to process::self() from invalid process; returning null.
xmsim: *W,SLFINV: Call to process::self() from invalid process; returning null.
xmsim: *W,SLFINV: Call to process::self() from invalid process; returning null.
xmsim: *W,SLFINV: Call to process::self() from invalid process; returning null.
UVM_INFO tb.sv(115) @ 315: reporter [TB] Simulation completed
Simulation complete via $finish(1) at time 315 NS + 59
/xcelium25.03/tools/methodology/UVM/CDNS-IEEE/sv/src/base/uvm_root.svh:585 		$finish;
xcelium> exit
TOOL:	xrun	25.03-s001: Exiting on Mar 17, 2026 at 16:03:36 EDT  (total: 00:00:12)
