
===========================================================================
 report_power
============================================================================
======================= nom_tt_025C_1v80 Corner ===================================

Group                    Internal    Switching      Leakage        Total
                            Power        Power        Power        Power (Watts)
------------------------------------------------------------------------
Sequential           1.586058e-05 2.854317e-05 4.372794e-10 4.440418e-05  54.8%
Combinational        2.422433e-05 1.234566e-05 5.448222e-10 3.657053e-05  45.2%
Clock                0.000000e+00 0.000000e+00 1.620019e-10 1.620019e-10   0.0%
Macro                0.000000e+00 0.000000e+00 0.000000e+00 0.000000e+00   0.0%
Pad                  0.000000e+00 0.000000e+00 0.000000e+00 0.000000e+00   0.0%
------------------------------------------------------------------------
Total                4.008491e-05 4.088881e-05 1.144105e-09 8.097486e-05 100.0%
                            49.5%        50.5%         0.0%
Writing metric power__internal__total: 4.008490577689372e-5
Writing metric power__switching__total: 4.088881178176962e-5
Writing metric power__leakage__total: 1.1441053660021794e-9
Writing metric power__total: 8.097485988400877e-5

