
===========================================================================
report_checks -path_delay min (Hold)
============================================================================
======================= nom_tt_025C_1v80 Corner ===================================

Startpoint: _314_ (rising edge-triggered flip-flop clocked by clk)
Endpoint: _314_ (rising edge-triggered flip-flop clocked by clk)
Path Group: clk
Path Type: min

Fanout         Cap        Slew       Delay        Time   Description
---------------------------------------------------------------------------------------------
                                  0.000000    0.000000   clock clk (rise edge)
                                  0.000000    0.000000   clock source latency
     1    0.009492    0.049149    0.032360    0.032360 ^ clk (in)
                                                         clk (net)
                      0.049150    0.000000    0.032360 ^ clkbuf_0_clk/A (sky130_fd_sc_hd__clkbuf_16)
     2    0.017181    0.039445    0.124287    0.156647 ^ clkbuf_0_clk/X (sky130_fd_sc_hd__clkbuf_16)
                                                         clknet_0_clk (net)
                      0.039445    0.000038    0.156685 ^ clkbuf_1_0__f_clk/A (sky130_fd_sc_hd__clkbuf_16)
     2    0.004670    0.028463    0.108120    0.264805 ^ clkbuf_1_0__f_clk/X (sky130_fd_sc_hd__clkbuf_16)
                                                         clknet_1_0__leaf_clk (net)
                      0.028463    0.000008    0.264814 ^ _314_/CLK (sky130_fd_sc_hd__dfrtp_1)
     3    0.010120    0.104201    0.357761    0.622575 ^ _314_/Q (sky130_fd_sc_hd__dfrtp_1)
                                                         clk_counter[0] (net)
                      0.104201    0.000011    0.622586 ^ _142_/A (sky130_fd_sc_hd__inv_2)
     3    0.007389    0.033709    0.048967    0.671552 v _142_/Y (sky130_fd_sc_hd__inv_2)
                                                         _000_ (net)
                      0.033709    0.000017    0.671569 v _314_/D (sky130_fd_sc_hd__dfrtp_1)
                                              0.671569   data arrival time

                                  0.000000    0.000000   clock clk (rise edge)
                                  0.000000    0.000000   clock source latency
     1    0.009492    0.049149    0.032360    0.032360 ^ clk (in)
                                                         clk (net)
                      0.049150    0.000000    0.032360 ^ clkbuf_0_clk/A (sky130_fd_sc_hd__clkbuf_16)
     2    0.017181    0.039445    0.124287    0.156647 ^ clkbuf_0_clk/X (sky130_fd_sc_hd__clkbuf_16)
                                                         clknet_0_clk (net)
                      0.039445    0.000038    0.156685 ^ clkbuf_1_0__f_clk/A (sky130_fd_sc_hd__clkbuf_16)
     2    0.004670    0.028463    0.108120    0.264805 ^ clkbuf_1_0__f_clk/X (sky130_fd_sc_hd__clkbuf_16)
                                                         clknet_1_0__leaf_clk (net)
                      0.028463    0.000008    0.264814 ^ _314_/CLK (sky130_fd_sc_hd__dfrtp_1)
                                  0.250000    0.514814   clock uncertainty
                                  0.000000    0.514814   clock reconvergence pessimism
                                 -0.044950    0.469863   library hold time
                                              0.469863   data required time
---------------------------------------------------------------------------------------------
                                              0.469863   data required time
                                             -0.671569   data arrival time
---------------------------------------------------------------------------------------------
                                              0.201706   slack (MET)


Startpoint: _316_ (rising edge-triggered flip-flop clocked by clk)
Endpoint: _316_ (rising edge-triggered flip-flop clocked by clk)
Path Group: clk
Path Type: min

Fanout         Cap        Slew       Delay        Time   Description
---------------------------------------------------------------------------------------------
                                  0.000000    0.000000   clock clk (rise edge)
                                  0.000000    0.000000   clock source latency
     1    0.009492    0.049149    0.032360    0.032360 ^ clk (in)
                                                         clk (net)
                      0.049150    0.000000    0.032360 ^ clkbuf_0_clk/A (sky130_fd_sc_hd__clkbuf_16)
     2    0.017181    0.039445    0.124287    0.156647 ^ clkbuf_0_clk/X (sky130_fd_sc_hd__clkbuf_16)
                                                         clknet_0_clk (net)
                      0.039445    0.000038    0.156685 ^ clkbuf_1_0__f_clk/A (sky130_fd_sc_hd__clkbuf_16)
     2    0.004670    0.028463    0.108120    0.264805 ^ clkbuf_1_0__f_clk/X (sky130_fd_sc_hd__clkbuf_16)
                                                         clknet_1_0__leaf_clk (net)
                      0.028463    0.000018    0.264823 ^ _316_/CLK (sky130_fd_sc_hd__dfrtp_1)
     3    0.010728    0.106155    0.361422    0.626245 ^ _316_/Q (sky130_fd_sc_hd__dfrtp_1)
                                                         clk_counter[2] (net)
                      0.106155    0.000047    0.626293 ^ _191_/A (sky130_fd_sc_hd__xnor2_1)
     1    0.002424    0.035672    0.077725    0.704018 v _191_/Y (sky130_fd_sc_hd__xnor2_1)
                                                         _002_ (net)
                      0.035672    0.000007    0.704024 v _316_/D (sky130_fd_sc_hd__dfrtp_1)
                                              0.704024   data arrival time

                                  0.000000    0.000000   clock clk (rise edge)
                                  0.000000    0.000000   clock source latency
     1    0.009492    0.049149    0.032360    0.032360 ^ clk (in)
                                                         clk (net)
                      0.049150    0.000000    0.032360 ^ clkbuf_0_clk/A (sky130_fd_sc_hd__clkbuf_16)
     2    0.017181    0.039445    0.124287    0.156647 ^ clkbuf_0_clk/X (sky130_fd_sc_hd__clkbuf_16)
                                                         clknet_0_clk (net)
                      0.039445    0.000038    0.156685 ^ clkbuf_1_0__f_clk/A (sky130_fd_sc_hd__clkbuf_16)
     2    0.004670    0.028463    0.108120    0.264805 ^ clkbuf_1_0__f_clk/X (sky130_fd_sc_hd__clkbuf_16)
                                                         clknet_1_0__leaf_clk (net)
                      0.028463    0.000018    0.264823 ^ _316_/CLK (sky130_fd_sc_hd__dfrtp_1)
                                  0.250000    0.514823   clock uncertainty
                                  0.000000    0.514823   clock reconvergence pessimism
                                 -0.045749    0.469073   library hold time
                                              0.469073   data required time
---------------------------------------------------------------------------------------------
                                              0.469073   data required time
                                             -0.704024   data arrival time
---------------------------------------------------------------------------------------------
                                              0.234951   slack (MET)


Startpoint: _316_ (rising edge-triggered flip-flop clocked by clk)
Endpoint: _315_ (rising edge-triggered flip-flop clocked by clk)
Path Group: clk
Path Type: min

Fanout         Cap        Slew       Delay        Time   Description
---------------------------------------------------------------------------------------------
                                  0.000000    0.000000   clock clk (rise edge)
                                  0.000000    0.000000   clock source latency
     1    0.009492    0.049149    0.032360    0.032360 ^ clk (in)
                                                         clk (net)
                      0.049150    0.000000    0.032360 ^ clkbuf_0_clk/A (sky130_fd_sc_hd__clkbuf_16)
     2    0.017181    0.039445    0.124287    0.156647 ^ clkbuf_0_clk/X (sky130_fd_sc_hd__clkbuf_16)
                                                         clknet_0_clk (net)
                      0.039445    0.000038    0.156685 ^ clkbuf_1_0__f_clk/A (sky130_fd_sc_hd__clkbuf_16)
     2    0.004670    0.028463    0.108120    0.264805 ^ clkbuf_1_0__f_clk/X (sky130_fd_sc_hd__clkbuf_16)
                                                         clknet_1_0__leaf_clk (net)
                      0.028463    0.000018    0.264823 ^ _316_/CLK (sky130_fd_sc_hd__dfrtp_1)
     3    0.010728    0.106155    0.361422    0.626245 ^ _316_/Q (sky130_fd_sc_hd__dfrtp_1)
                                                         clk_counter[2] (net)
                      0.106155    0.000042    0.626287 ^ _190_/A2 (sky130_fd_sc_hd__o211a_1)
     1    0.003114    0.042764    0.143562    0.769850 ^ _190_/X (sky130_fd_sc_hd__o211a_1)
                                                         _001_ (net)
                      0.042764    0.000013    0.769863 ^ _315_/D (sky130_fd_sc_hd__dfrtp_1)
                                              0.769863   data arrival time

                                  0.000000    0.000000   clock clk (rise edge)
                                  0.000000    0.000000   clock source latency
     1    0.009492    0.049149    0.032360    0.032360 ^ clk (in)
                                                         clk (net)
                      0.049150    0.000000    0.032360 ^ clkbuf_0_clk/A (sky130_fd_sc_hd__clkbuf_16)
     2    0.017181    0.039445    0.124287    0.156647 ^ clkbuf_0_clk/X (sky130_fd_sc_hd__clkbuf_16)
                                                         clknet_0_clk (net)
                      0.039445    0.000028    0.156675 ^ clkbuf_1_1__f_clk/A (sky130_fd_sc_hd__clkbuf_16)
     3    0.007261    0.030967    0.111230    0.267905 ^ clkbuf_1_1__f_clk/X (sky130_fd_sc_hd__clkbuf_16)
                                                         clknet_1_1__leaf_clk (net)
                      0.030967    0.000023    0.267928 ^ _315_/CLK (sky130_fd_sc_hd__dfrtp_1)
                                  0.250000    0.517928   clock uncertainty
                                  0.000000    0.517928   clock reconvergence pessimism
                                 -0.036212    0.481716   library hold time
                                              0.481716   data required time
---------------------------------------------------------------------------------------------
                                              0.481716   data required time
                                             -0.769863   data arrival time
---------------------------------------------------------------------------------------------
                                              0.288147   slack (MET)


Startpoint: _315_ (rising edge-triggered flip-flop clocked by clk)
Endpoint: _272_ (rising edge-triggered flip-flop clocked by clk)
Path Group: clk
Path Type: min

Fanout         Cap        Slew       Delay        Time   Description
---------------------------------------------------------------------------------------------
                                  0.000000    0.000000   clock clk (rise edge)
                                  0.000000    0.000000   clock source latency
     1    0.009492    0.049149    0.032360    0.032360 ^ clk (in)
                                                         clk (net)
                      0.049150    0.000000    0.032360 ^ clkbuf_0_clk/A (sky130_fd_sc_hd__clkbuf_16)
     2    0.017181    0.039445    0.124287    0.156647 ^ clkbuf_0_clk/X (sky130_fd_sc_hd__clkbuf_16)
                                                         clknet_0_clk (net)
                      0.039445    0.000028    0.156675 ^ clkbuf_1_1__f_clk/A (sky130_fd_sc_hd__clkbuf_16)
     3    0.007261    0.030967    0.111230    0.267905 ^ clkbuf_1_1__f_clk/X (sky130_fd_sc_hd__clkbuf_16)
                                                         clknet_1_1__leaf_clk (net)
                      0.030967    0.000023    0.267928 ^ _315_/CLK (sky130_fd_sc_hd__dfrtp_1)
     3    0.008130    0.088389    0.345796    0.613724 ^ _315_/Q (sky130_fd_sc_hd__dfrtp_1)
                                                         clk_counter[1] (net)
                      0.088389    0.000040    0.613764 ^ _174_/B (sky130_fd_sc_hd__or3_1)
     1    0.004950    0.057754    0.122400    0.736163 ^ _174_/X (sky130_fd_sc_hd__or3_1)
                                                         _097_ (net)
                      0.057754    0.000006    0.736169 ^ _175_/B (sky130_fd_sc_hd__xnor2_1)
     1    0.002741    0.034135    0.058597    0.794766 v _175_/Y (sky130_fd_sc_hd__xnor2_1)
                                                         _033_ (net)
                      0.034135    0.000008    0.794774 v _272_/D (sky130_fd_sc_hd__dfstp_1)
                                              0.794774   data arrival time

                                  0.000000    0.000000   clock clk (rise edge)
                                  0.000000    0.000000   clock source latency
     1    0.009492    0.049149    0.032360    0.032360 ^ clk (in)
                                                         clk (net)
                      0.049150    0.000000    0.032360 ^ clkbuf_0_clk/A (sky130_fd_sc_hd__clkbuf_16)
     2    0.017181    0.039445    0.124287    0.156647 ^ clkbuf_0_clk/X (sky130_fd_sc_hd__clkbuf_16)
                                                         clknet_0_clk (net)
                      0.039445    0.000028    0.156675 ^ clkbuf_1_1__f_clk/A (sky130_fd_sc_hd__clkbuf_16)
     3    0.007261    0.030967    0.111230    0.267905 ^ clkbuf_1_1__f_clk/X (sky130_fd_sc_hd__clkbuf_16)
                                                         clknet_1_1__leaf_clk (net)
                      0.030967    0.000022    0.267927 ^ _272_/CLK (sky130_fd_sc_hd__dfstp_1)
                                  0.250000    0.517927   clock uncertainty
                                  0.000000    0.517927   clock reconvergence pessimism
                                 -0.013297    0.504630   library hold time
                                              0.504630   data required time
---------------------------------------------------------------------------------------------
                                              0.504630   data required time
                                             -0.794774   data arrival time
---------------------------------------------------------------------------------------------
                                              0.290144   slack (MET)


Startpoint: rst (input port clocked by clk)
Endpoint: _315_ (removal check against rising-edge clock clk)
Path Group: asynchronous
Path Type: min

Fanout         Cap        Slew       Delay        Time   Description
---------------------------------------------------------------------------------------------
                                  0.000000    0.000000   clock clk (rise edge)
                                  0.000000    0.000000   clock network delay (propagated)
                                  4.000000    4.000000 v input external delay
     1    0.002472    0.007875    0.003859    4.003859 v rst (in)
                                                         rst (net)
                      0.007875    0.000000    4.003859 v input17/A (sky130_fd_sc_hd__buf_1)
     2    0.010060    0.064766    0.104897    4.108756 v input17/X (sky130_fd_sc_hd__buf_1)
                                                         net17 (net)
                      0.064766    0.000047    4.108802 v fanout40/A (sky130_fd_sc_hd__clkbuf_4)
    10    0.042322    0.093760    0.204124    4.312927 v fanout40/X (sky130_fd_sc_hd__clkbuf_4)
                                                         net40 (net)
                      0.093760    0.000326    4.313253 v _270_/A (sky130_fd_sc_hd__inv_2)
     1    0.004319    0.037666    0.064184    4.377437 ^ _270_/Y (sky130_fd_sc_hd__inv_2)
                                                         _031_ (net)
                      0.037666    0.000016    4.377452 ^ _315_/RESET_B (sky130_fd_sc_hd__dfrtp_1)
                                              4.377452   data arrival time

                                  0.000000    0.000000   clock clk (rise edge)
                                  0.000000    0.000000   clock source latency
     1    0.009492    0.049149    0.032360    0.032360 ^ clk (in)
                                                         clk (net)
                      0.049150    0.000000    0.032360 ^ clkbuf_0_clk/A (sky130_fd_sc_hd__clkbuf_16)
     2    0.017181    0.039445    0.124287    0.156647 ^ clkbuf_0_clk/X (sky130_fd_sc_hd__clkbuf_16)
                                                         clknet_0_clk (net)
                      0.039445    0.000028    0.156675 ^ clkbuf_1_1__f_clk/A (sky130_fd_sc_hd__clkbuf_16)
     3    0.007261    0.030967    0.111230    0.267905 ^ clkbuf_1_1__f_clk/X (sky130_fd_sc_hd__clkbuf_16)
                                                         clknet_1_1__leaf_clk (net)
                      0.030967    0.000023    0.267928 ^ _315_/CLK (sky130_fd_sc_hd__dfrtp_1)
                                  0.250000    0.517928   clock uncertainty
                                  0.000000    0.517928   clock reconvergence pessimism
                                  0.314405    0.832333   library removal time
                                              0.832333   data required time
---------------------------------------------------------------------------------------------
                                              0.832333   data required time
                                             -4.377452   data arrival time
---------------------------------------------------------------------------------------------
                                              3.545120   slack (MET)


Startpoint: rst (input port clocked by clk)
Endpoint: _314_ (removal check against rising-edge clock clk)
Path Group: asynchronous
Path Type: min

Fanout         Cap        Slew       Delay        Time   Description
---------------------------------------------------------------------------------------------
                                  0.000000    0.000000   clock clk (rise edge)
                                  0.000000    0.000000   clock network delay (propagated)
                                  4.000000    4.000000 v input external delay
     1    0.002472    0.007875    0.003859    4.003859 v rst (in)
                                                         rst (net)
                      0.007875    0.000000    4.003859 v input17/A (sky130_fd_sc_hd__buf_1)
     2    0.010060    0.064766    0.104897    4.108756 v input17/X (sky130_fd_sc_hd__buf_1)
                                                         net17 (net)
                      0.064766    0.000047    4.108802 v fanout40/A (sky130_fd_sc_hd__clkbuf_4)
    10    0.042322    0.093760    0.204124    4.312927 v fanout40/X (sky130_fd_sc_hd__clkbuf_4)
                                                         net40 (net)
                      0.093760    0.000306    4.313233 v _269_/A (sky130_fd_sc_hd__inv_2)
     1    0.004551    0.038451    0.065063    4.378296 ^ _269_/Y (sky130_fd_sc_hd__inv_2)
                                                         _030_ (net)
                      0.038451    0.000022    4.378318 ^ _314_/RESET_B (sky130_fd_sc_hd__dfrtp_1)
                                              4.378318   data arrival time

                                  0.000000    0.000000   clock clk (rise edge)
                                  0.000000    0.000000   clock source latency
     1    0.009492    0.049149    0.032360    0.032360 ^ clk (in)
                                                         clk (net)
                      0.049150    0.000000    0.032360 ^ clkbuf_0_clk/A (sky130_fd_sc_hd__clkbuf_16)
     2    0.017181    0.039445    0.124287    0.156647 ^ clkbuf_0_clk/X (sky130_fd_sc_hd__clkbuf_16)
                                                         clknet_0_clk (net)
                      0.039445    0.000038    0.156685 ^ clkbuf_1_0__f_clk/A (sky130_fd_sc_hd__clkbuf_16)
     2    0.004670    0.028463    0.108120    0.264805 ^ clkbuf_1_0__f_clk/X (sky130_fd_sc_hd__clkbuf_16)
                                                         clknet_1_0__leaf_clk (net)
                      0.028463    0.000008    0.264814 ^ _314_/CLK (sky130_fd_sc_hd__dfrtp_1)
                                  0.250000    0.514814   clock uncertainty
                                  0.000000    0.514814   clock reconvergence pessimism
                                  0.313938    0.828752   library removal time
                                              0.828752   data required time
---------------------------------------------------------------------------------------------
                                              0.828752   data required time
                                             -4.378318   data arrival time
---------------------------------------------------------------------------------------------
                                              3.549566   slack (MET)


Startpoint: rst (input port clocked by clk)
Endpoint: _316_ (removal check against rising-edge clock clk)
Path Group: asynchronous
Path Type: min

Fanout         Cap        Slew       Delay        Time   Description
---------------------------------------------------------------------------------------------
                                  0.000000    0.000000   clock clk (rise edge)
                                  0.000000    0.000000   clock network delay (propagated)
                                  4.000000    4.000000 v input external delay
     1    0.002472    0.007875    0.003859    4.003859 v rst (in)
                                                         rst (net)
                      0.007875    0.000000    4.003859 v input17/A (sky130_fd_sc_hd__buf_1)
     2    0.010060    0.064766    0.104897    4.108756 v input17/X (sky130_fd_sc_hd__buf_1)
                                                         net17 (net)
                      0.064766    0.000047    4.108802 v fanout40/A (sky130_fd_sc_hd__clkbuf_4)
    10    0.042322    0.093760    0.204124    4.312927 v fanout40/X (sky130_fd_sc_hd__clkbuf_4)
                                                         net40 (net)
                      0.093760    0.000227    4.313154 v _271_/A (sky130_fd_sc_hd__inv_2)
     1    0.004896    0.039573    0.066282    4.379436 ^ _271_/Y (sky130_fd_sc_hd__inv_2)
                                                         _032_ (net)
                      0.039573    0.000032    4.379467 ^ _316_/RESET_B (sky130_fd_sc_hd__dfrtp_1)
                                              4.379467   data arrival time

                                  0.000000    0.000000   clock clk (rise edge)
                                  0.000000    0.000000   clock source latency
     1    0.009492    0.049149    0.032360    0.032360 ^ clk (in)
                                                         clk (net)
                      0.049150    0.000000    0.032360 ^ clkbuf_0_clk/A (sky130_fd_sc_hd__clkbuf_16)
     2    0.017181    0.039445    0.124287    0.156647 ^ clkbuf_0_clk/X (sky130_fd_sc_hd__clkbuf_16)
                                                         clknet_0_clk (net)
                      0.039445    0.000038    0.156685 ^ clkbuf_1_0__f_clk/A (sky130_fd_sc_hd__clkbuf_16)
     2    0.004670    0.028463    0.108120    0.264805 ^ clkbuf_1_0__f_clk/X (sky130_fd_sc_hd__clkbuf_16)
                                                         clknet_1_0__leaf_clk (net)
                      0.028463    0.000018    0.264823 ^ _316_/CLK (sky130_fd_sc_hd__dfrtp_1)
                                  0.250000    0.514823   clock uncertainty
                                  0.000000    0.514823   clock reconvergence pessimism
                                  0.314247    0.829070   library removal time
                                              0.829070   data required time
---------------------------------------------------------------------------------------------
                                              0.829070   data required time
                                             -4.379467   data arrival time
---------------------------------------------------------------------------------------------
                                              3.550398   slack (MET)


Startpoint: rst (input port clocked by clk)
Endpoint: _272_ (removal check against rising-edge clock clk)
Path Group: asynchronous
Path Type: min

Fanout         Cap        Slew       Delay        Time   Description
---------------------------------------------------------------------------------------------
                                  0.000000    0.000000   clock clk (rise edge)
                                  0.000000    0.000000   clock network delay (propagated)
                                  4.000000    4.000000 v input external delay
     1    0.002472    0.007875    0.003859    4.003859 v rst (in)
                                                         rst (net)
                      0.007875    0.000000    4.003859 v input17/A (sky130_fd_sc_hd__buf_1)
     2    0.010060    0.064766    0.104897    4.108756 v input17/X (sky130_fd_sc_hd__buf_1)
                                                         net17 (net)
                      0.064766    0.000047    4.108802 v fanout40/A (sky130_fd_sc_hd__clkbuf_4)
    10    0.042322    0.093760    0.204124    4.312927 v fanout40/X (sky130_fd_sc_hd__clkbuf_4)
                                                         net40 (net)
                      0.093760    0.000330    4.313257 v _256_/A (sky130_fd_sc_hd__inv_2)
     1    0.003842    0.036966    0.061796    4.375052 ^ _256_/Y (sky130_fd_sc_hd__inv_2)
                                                         _013_ (net)
                      0.036966    0.000010    4.375062 ^ _272_/SET_B (sky130_fd_sc_hd__dfstp_1)
                                              4.375062   data arrival time

                                  0.000000    0.000000   clock clk (rise edge)
                                  0.000000    0.000000   clock source latency
     1    0.009492    0.049149    0.032360    0.032360 ^ clk (in)
                                                         clk (net)
                      0.049150    0.000000    0.032360 ^ clkbuf_0_clk/A (sky130_fd_sc_hd__clkbuf_16)
     2    0.017181    0.039445    0.124287    0.156647 ^ clkbuf_0_clk/X (sky130_fd_sc_hd__clkbuf_16)
                                                         clknet_0_clk (net)
                      0.039445    0.000028    0.156675 ^ clkbuf_1_1__f_clk/A (sky130_fd_sc_hd__clkbuf_16)
     3    0.007261    0.030967    0.111230    0.267905 ^ clkbuf_1_1__f_clk/X (sky130_fd_sc_hd__clkbuf_16)
                                                         clknet_1_1__leaf_clk (net)
                      0.030967    0.000022    0.267927 ^ _272_/CLK (sky130_fd_sc_hd__dfstp_1)
                                  0.250000    0.517927   clock uncertainty
                                  0.000000    0.517927   clock reconvergence pessimism
                                  0.151866    0.669793   library removal time
                                              0.669793   data required time
---------------------------------------------------------------------------------------------
                                              0.669793   data required time
                                             -4.375062   data arrival time
---------------------------------------------------------------------------------------------
                                              3.705269   slack (MET)


Startpoint: _272_ (rising edge-triggered flip-flop clocked by clk)
Endpoint: i2c_scl (output port clocked by clk)
Path Group: clk
Path Type: min

Fanout         Cap        Slew       Delay        Time   Description
---------------------------------------------------------------------------------------------
                                  0.000000    0.000000   clock clk (rise edge)
                                  0.000000    0.000000   clock source latency
     1    0.009492    0.049149    0.032360    0.032360 ^ clk (in)
                                                         clk (net)
                      0.049150    0.000000    0.032360 ^ clkbuf_0_clk/A (sky130_fd_sc_hd__clkbuf_16)
     2    0.017181    0.039445    0.124287    0.156647 ^ clkbuf_0_clk/X (sky130_fd_sc_hd__clkbuf_16)
                                                         clknet_0_clk (net)
                      0.039445    0.000028    0.156675 ^ clkbuf_1_1__f_clk/A (sky130_fd_sc_hd__clkbuf_16)
     3    0.007261    0.030967    0.111230    0.267905 ^ clkbuf_1_1__f_clk/X (sky130_fd_sc_hd__clkbuf_16)
                                                         clknet_1_1__leaf_clk (net)
                      0.030967    0.000022    0.267927 ^ _272_/CLK (sky130_fd_sc_hd__dfstp_1)
     1    0.002619    0.027753    0.340444    0.608371 v _272_/Q (sky130_fd_sc_hd__dfstp_1)
                                                         i2c_clk (net)
                      0.027753    0.000006    0.608378 v fanout38/A (sky130_fd_sc_hd__clkbuf_2)
     7    0.020814    0.084716    0.144074    0.752452 v fanout38/X (sky130_fd_sc_hd__clkbuf_2)
                                                         net38 (net)
                      0.084716    0.000170    0.752622 v fanout34/A (sky130_fd_sc_hd__buf_2)
    10    0.027134    0.074037    0.185033    0.937656 v fanout34/X (sky130_fd_sc_hd__buf_2)
                                                         net34 (net)
                      0.074037    0.000082    0.937738 v _138_/A (sky130_fd_sc_hd__inv_2)
     2    0.011033    0.060328    0.079372    1.017110 ^ _138_/Y (sky130_fd_sc_hd__inv_2)
                                                         _025_ (net)
                      0.060328    0.000006    1.017116 ^ _187_/A (sky130_fd_sc_hd__nand2_4)
     1    0.034829    0.081955    0.087196    1.104311 v _187_/Y (sky130_fd_sc_hd__nand2_4)
                                                         i2c_scl (net)
     0    0.034829    0.081957    0.000308    1.104620 v i2c_scl (inout)
                                                         i2c_scl (net)
                                              1.104620   data arrival time

                                  0.000000    0.000000   clock clk (rise edge)
                                  0.000000    0.000000   clock network delay (propagated)
                                  0.250000    0.250000   clock uncertainty
                                  0.000000    0.250000   clock reconvergence pessimism
                                 -4.000000   -3.750000   output external delay
                                             -3.750000   data required time
---------------------------------------------------------------------------------------------
                                             -3.750000   data required time
                                             -1.104620   data arrival time
---------------------------------------------------------------------------------------------
                                              4.854620   slack (MET)


Startpoint: rst (input port clocked by clk)
Endpoint: ready (output port clocked by clk)
Path Group: clk
Path Type: min

Fanout         Cap        Slew       Delay        Time   Description
---------------------------------------------------------------------------------------------
                                  0.000000    0.000000   clock clk (rise edge)
                                  0.000000    0.000000   clock network delay (propagated)
                                  4.000000    4.000000 ^ input external delay
     1    0.002648    0.019761    0.009762    4.009761 ^ rst (in)
                                                         rst (net)
                      0.019761    0.000000    4.009761 ^ input17/A (sky130_fd_sc_hd__buf_1)
     2    0.010670    0.132224    0.134281    4.144042 ^ input17/X (sky130_fd_sc_hd__buf_1)
                                                         net17 (net)
                      0.132224    0.000050    4.144092 ^ fanout40/A (sky130_fd_sc_hd__clkbuf_4)
    10    0.045413    0.143598    0.240473    4.384565 ^ fanout40/X (sky130_fd_sc_hd__clkbuf_4)
                                                         net40 (net)
                      0.143598    0.000043    4.384608 ^ _186_/A (sky130_fd_sc_hd__nor2_1)
     1    0.002066    0.025792    0.060800    4.445408 v _186_/Y (sky130_fd_sc_hd__nor2_1)
                                                         net27 (net)
                      0.025792    0.000004    4.445412 v output27/A (sky130_fd_sc_hd__buf_2)
     1    0.034041    0.088903    0.171853    4.617265 v output27/X (sky130_fd_sc_hd__buf_2)
                                                         ready (net)
                      0.088903    0.000095    4.617360 v ready (out)
                                              4.617360   data arrival time

                                  0.000000    0.000000   clock clk (rise edge)
                                  0.000000    0.000000   clock network delay (propagated)
                                  0.250000    0.250000   clock uncertainty
                                  0.000000    0.250000   clock reconvergence pessimism
                                 -4.000000   -3.750000   output external delay
                                             -3.750000   data required time
---------------------------------------------------------------------------------------------
                                             -3.750000   data required time
                                             -4.617360   data arrival time
---------------------------------------------------------------------------------------------
                                              8.367360   slack (MET)



