============================================================
  Generated by:           Genus(TM) Synthesis Solution 22.16-s078_1
  Generated on:           Mar 06 2026  02:54:07 pm
  Module:                 i2c_master_controller
  Operating conditions:   PVT_1P32V_0C (balanced_tree)
  Wireload mode:          enclosed
  Area mode:              timing library
============================================================

Timing
--------

Clock  Period 
--------------
clock 10000.0 


  Cost    Critical         Violating 
 Group   Path Slack  TNS     Paths   
-------------------------------------
clock        9916.8   0.0          0 
default    No paths   0.0            
-------------------------------------
Total                 0.0          0 

Instance Count
--------------
Leaf Instance Count             143 
Physical Instance count           0 
Sequential Instance Count        36 
Combinational Instance Count    107 
Hierarchical Instance Count       0 

Area
----
Cell Area                          430.920
Physical Cell Area                 0.000
Total Cell Area (Cell+Physical)    430.920
Net Area                           0.000
Total Area (Cell+Physical+Net)     430.920

Max Fanout                         36 (i2c_clk)
Min Fanout                         0 (n_105)
Average Fanout                     2.5
Terms to net ratio                 3.4000
Terms to instance ratio            3.9231
Runtime                            13.96141 seconds
Elapsed Runtime                    15 seconds
Genus peak memory usage            1833.04 
Innovus peak memory usage          no_value 
Hostname                           saitama
