Clock: clk
Sources: clk 
Generated: no
Virtual: yes
Propagated: no
Period: 20.000000

===========================================================================
report_clock_properties
============================================================================
Clock                   Period          Waveform
----------------------------------------------------
clk                  20.000000    0.000000 10.000000

===========================================================================
report_clock_latency
============================================================================
Clock clk
rise -> rise
    min     max
0.000000 0.000000 source latency
0.187242         network latency _314_/CLK
        0.790480 network latency _277_/CLK
---------------
0.187242 0.790480 latency
        0.603238 skew

rise -> fall
    min     max
0.000000 0.000000 source latency
0.517509         network latency _293_/CLK
        0.818052 network latency _295_/CLK
---------------
0.517509 0.818052 latency
        0.300544 skew

fall -> fall
    min     max
0.000000 0.000000 source latency
0.187751         network latency _314_/CLK
        0.190741 network latency _315_/CLK
---------------
0.187751 0.190741 latency
        0.002990 skew



===========================================================================
report_clock_min_period
============================================================================
clk period_min = 1.61 fmax = 620.36
