
===========================================================================
 report_power
============================================================================
======================= nom_ff_n40C_1v95 Corner ===================================

Group                    Internal    Switching      Leakage        Total
                            Power        Power        Power        Power (Watts)
------------------------------------------------------------------------
Sequential           1.665788e-05 2.862998e-05 7.221043e-10 4.528858e-05  35.6%
Combinational        2.425857e-05 1.971451e-05 1.130812e-09 4.397420e-05  34.5%
Clock                3.171272e-05 6.322867e-06 8.955162e-10 3.803648e-05  29.9%
Macro                0.000000e+00 0.000000e+00 0.000000e+00 0.000000e+00   0.0%
Pad                  0.000000e+00 0.000000e+00 0.000000e+00 0.000000e+00   0.0%
------------------------------------------------------------------------
Total                7.262916e-05 5.466735e-05 2.748435e-09 1.272993e-04 100.0%
                            57.1%        42.9%         0.0%

