
===========================================================================
report_checks -path_delay max (Setup)
============================================================================
======================= max_tt_025C_1v80 Corner ===================================

Startpoint: rst (input port clocked by clk)
Endpoint: ready (output port clocked by clk)
Path Group: clk
Path Type: max

Fanout         Cap        Slew       Delay        Time   Description
---------------------------------------------------------------------------------------------
                                  0.000000    0.000000   clock clk (rise edge)
                                  0.000000    0.000000   clock network delay (propagated)
                                  4.000000    4.000000 ^ input external delay
     1    0.002865    0.020010    0.010589    4.010589 ^ rst (in)
                                                         rst (net)
                      0.020010    0.000000    4.010589 ^ input17/A (sky130_fd_sc_hd__buf_1)
     2    0.015112    0.182793    0.168719    4.179308 ^ input17/X (sky130_fd_sc_hd__buf_1)
                                                         net17 (net)
                      0.182798    0.000790    4.180099 ^ fanout40/A (sky130_fd_sc_hd__clkbuf_4)
    10    0.052994    0.163575    0.270904    4.451003 ^ fanout40/X (sky130_fd_sc_hd__clkbuf_4)
                                                         net40 (net)
                      0.163619    0.002629    4.453632 ^ _186_/A (sky130_fd_sc_hd__nor2_1)
     1    0.002210    0.043222    0.064422    4.518054 v _186_/Y (sky130_fd_sc_hd__nor2_1)
                                                         net27 (net)
                      0.043223    0.000158    4.518212 v output27/A (sky130_fd_sc_hd__buf_2)
     1    0.034202    0.089812    0.178384    4.696596 v output27/X (sky130_fd_sc_hd__buf_2)
                                                         ready (net)
                      0.089850    0.001701    4.698298 v ready (out)
                                              4.698298   data arrival time

                                 20.000000   20.000000   clock clk (rise edge)
                                  0.000000   20.000000   clock network delay (propagated)
                                 -0.250000   19.750002   clock uncertainty
                                  0.000000   19.750002   clock reconvergence pessimism
                                 -4.000000   15.750001   output external delay
                                             15.750001   data required time
---------------------------------------------------------------------------------------------
                                             15.750001   data required time
                                             -4.698298   data arrival time
---------------------------------------------------------------------------------------------
                                             11.051703   slack (MET)


Startpoint: _272_ (rising edge-triggered flip-flop clocked by clk)
Endpoint: i2c_scl (output port clocked by clk)
Path Group: clk
Path Type: max

Fanout         Cap        Slew       Delay        Time   Description
---------------------------------------------------------------------------------------------
                                  0.000000    0.000000   clock clk (rise edge)
                                  0.000000    0.000000   clock source latency
     1    0.010789    0.054984    0.036750    0.036750 ^ clk (in)
                                                         clk (net)
                      0.054993    0.000000    0.036750 ^ clkbuf_0_clk/A (sky130_fd_sc_hd__clkbuf_16)
     2    0.019357    0.041291    0.128136    0.164887 ^ clkbuf_0_clk/X (sky130_fd_sc_hd__clkbuf_16)
                                                         clknet_0_clk (net)
                      0.041298    0.000970    0.165857 ^ clkbuf_1_1__f_clk/A (sky130_fd_sc_hd__clkbuf_16)
     3    0.009330    0.032773    0.113790    0.279647 ^ clkbuf_1_1__f_clk/X (sky130_fd_sc_hd__clkbuf_16)
                                                         clknet_1_1__leaf_clk (net)
                      0.032775    0.000530    0.280177 ^ _272_/CLK (sky130_fd_sc_hd__dfstp_1)
     1    0.003503    0.049615    0.492968    0.773145 ^ _272_/Q (sky130_fd_sc_hd__dfstp_1)
                                                         i2c_clk (net)
                      0.049615    0.000225    0.773370 ^ fanout38/A (sky130_fd_sc_hd__clkbuf_2)
     7    0.030699    0.170585    0.193674    0.967045 ^ fanout38/X (sky130_fd_sc_hd__clkbuf_2)
                                                         net38 (net)
                      0.170621    0.002066    0.969111 ^ fanout34/A (sky130_fd_sc_hd__buf_2)
    10    0.033839    0.168309    0.237152    1.206263 ^ fanout34/X (sky130_fd_sc_hd__buf_2)
                                                         net34 (net)
                      0.168334    0.002077    1.208340 ^ _138_/A (sky130_fd_sc_hd__inv_2)
     2    0.010531    0.052698    0.068342    1.276682 v _138_/Y (sky130_fd_sc_hd__inv_2)
                                                         _025_ (net)
                      0.052701    0.000451    1.277133 v _187_/A (sky130_fd_sc_hd__nand2_4)
     1    0.035025    0.116943    0.111623    1.388756 ^ _187_/Y (sky130_fd_sc_hd__nand2_4)
                                                         i2c_scl (net)
     0    0.035025    0.116989    0.001863    1.390618 ^ i2c_scl (inout)
                                                         i2c_scl (net)
                                              1.390618   data arrival time

                                 20.000000   20.000000   clock clk (rise edge)
                                  0.000000   20.000000   clock network delay (propagated)
                                 -0.250000   19.750002   clock uncertainty
                                  0.000000   19.750002   clock reconvergence pessimism
                                 -4.000000   15.750001   output external delay
                                             15.750001   data required time
---------------------------------------------------------------------------------------------
                                             15.750001   data required time
                                             -1.390618   data arrival time
---------------------------------------------------------------------------------------------
                                             14.359383   slack (MET)


Startpoint: rst (input port clocked by clk)
Endpoint: _272_ (recovery check against rising-edge clock clk)
Path Group: asynchronous
Path Type: max

Fanout         Cap        Slew       Delay        Time   Description
---------------------------------------------------------------------------------------------
                                  0.000000    0.000000   clock clk (rise edge)
                                  0.000000    0.000000   clock network delay (propagated)
                                  4.000000    4.000000 v input external delay
     1    0.002689    0.008360    0.004285    4.004285 v rst (in)
                                                         rst (net)
                      0.008366    0.000000    4.004285 v input17/A (sky130_fd_sc_hd__buf_1)
     2    0.014502    0.089603    0.123245    4.127530 v input17/X (sky130_fd_sc_hd__buf_1)
                                                         net17 (net)
                      0.089608    0.000751    4.128282 v fanout40/A (sky130_fd_sc_hd__clkbuf_4)
    10    0.049903    0.108483    0.224448    4.352729 v fanout40/X (sky130_fd_sc_hd__clkbuf_4)
                                                         net40 (net)
                      0.108715    0.004372    4.357101 v _256_/A (sky130_fd_sc_hd__inv_2)
     1    0.004197    0.040436    0.068952    4.426053 ^ _256_/Y (sky130_fd_sc_hd__inv_2)
                                                         _013_ (net)
                      0.040436    0.000221    4.426274 ^ _272_/SET_B (sky130_fd_sc_hd__dfstp_1)
                                              4.426274   data arrival time

                                 20.000000   20.000000   clock clk (rise edge)
                                  0.000000   20.000000   clock source latency
     1    0.010789    0.054984    0.036751   20.036751 ^ clk (in)
                                                         clk (net)
                      0.054993    0.000000   20.036751 ^ clkbuf_0_clk/A (sky130_fd_sc_hd__clkbuf_16)
     2    0.019357    0.041291    0.128136   20.164886 ^ clkbuf_0_clk/X (sky130_fd_sc_hd__clkbuf_16)
                                                         clknet_0_clk (net)
                      0.041298    0.000970   20.165857 ^ clkbuf_1_1__f_clk/A (sky130_fd_sc_hd__clkbuf_16)
     3    0.009330    0.032773    0.113790   20.279648 ^ clkbuf_1_1__f_clk/X (sky130_fd_sc_hd__clkbuf_16)
                                                         clknet_1_1__leaf_clk (net)
                      0.032775    0.000531   20.280178 ^ _272_/CLK (sky130_fd_sc_hd__dfstp_1)
                                 -0.250000   20.030178   clock uncertainty
                                  0.000000   20.030178   clock reconvergence pessimism
                                  0.134513   20.164692   library recovery time
                                             20.164692   data required time
---------------------------------------------------------------------------------------------
                                             20.164692   data required time
                                             -4.426274   data arrival time
---------------------------------------------------------------------------------------------
                                             15.738419   slack (MET)


Startpoint: rst (input port clocked by clk)
Endpoint: _316_ (recovery check against rising-edge clock clk)
Path Group: asynchronous
Path Type: max

Fanout         Cap        Slew       Delay        Time   Description
---------------------------------------------------------------------------------------------
                                  0.000000    0.000000   clock clk (rise edge)
                                  0.000000    0.000000   clock network delay (propagated)
                                  4.000000    4.000000 v input external delay
     1    0.002689    0.008360    0.004285    4.004285 v rst (in)
                                                         rst (net)
                      0.008366    0.000000    4.004285 v input17/A (sky130_fd_sc_hd__buf_1)
     2    0.014502    0.089603    0.123245    4.127530 v input17/X (sky130_fd_sc_hd__buf_1)
                                                         net17 (net)
                      0.089608    0.000751    4.128282 v fanout40/A (sky130_fd_sc_hd__clkbuf_4)
    10    0.049903    0.108483    0.224448    4.352729 v fanout40/X (sky130_fd_sc_hd__clkbuf_4)
                                                         net40 (net)
                      0.108652    0.003784    4.356514 v _271_/A (sky130_fd_sc_hd__inv_2)
     1    0.006450    0.047507    0.077472    4.433985 ^ _271_/Y (sky130_fd_sc_hd__inv_2)
                                                         _032_ (net)
                      0.047510    0.000384    4.434370 ^ _316_/RESET_B (sky130_fd_sc_hd__dfrtp_1)
                                              4.434370   data arrival time

                                 20.000000   20.000000   clock clk (rise edge)
                                  0.000000   20.000000   clock source latency
     1    0.010789    0.054984    0.036751   20.036751 ^ clk (in)
                                                         clk (net)
                      0.054993    0.000000   20.036751 ^ clkbuf_0_clk/A (sky130_fd_sc_hd__clkbuf_16)
     2    0.019357    0.041291    0.128136   20.164886 ^ clkbuf_0_clk/X (sky130_fd_sc_hd__clkbuf_16)
                                                         clknet_0_clk (net)
                      0.041299    0.001044   20.165932 ^ clkbuf_1_0__f_clk/A (sky130_fd_sc_hd__clkbuf_16)
     2    0.004913    0.028690    0.109047   20.274979 ^ clkbuf_1_0__f_clk/X (sky130_fd_sc_hd__clkbuf_16)
                                                         clknet_1_0__leaf_clk (net)
                      0.028691    0.000306   20.275284 ^ _316_/CLK (sky130_fd_sc_hd__dfrtp_1)
                                 -0.250000   20.025286   clock uncertainty
                                  0.000000   20.025286   clock reconvergence pessimism
                                  0.224681   20.249966   library recovery time
                                             20.249966   data required time
---------------------------------------------------------------------------------------------
                                             20.249966   data required time
                                             -4.434370   data arrival time
---------------------------------------------------------------------------------------------
                                             15.815597   slack (MET)


Startpoint: rst (input port clocked by clk)
Endpoint: _314_ (recovery check against rising-edge clock clk)
Path Group: asynchronous
Path Type: max

Fanout         Cap        Slew       Delay        Time   Description
---------------------------------------------------------------------------------------------
                                  0.000000    0.000000   clock clk (rise edge)
                                  0.000000    0.000000   clock network delay (propagated)
                                  4.000000    4.000000 v input external delay
     1    0.002689    0.008360    0.004285    4.004285 v rst (in)
                                                         rst (net)
                      0.008366    0.000000    4.004285 v input17/A (sky130_fd_sc_hd__buf_1)
     2    0.014502    0.089603    0.123245    4.127530 v input17/X (sky130_fd_sc_hd__buf_1)
                                                         net17 (net)
                      0.089608    0.000751    4.128282 v fanout40/A (sky130_fd_sc_hd__clkbuf_4)
    10    0.049903    0.108483    0.224448    4.352729 v fanout40/X (sky130_fd_sc_hd__clkbuf_4)
                                                         net40 (net)
                      0.108699    0.004231    4.356961 v _269_/A (sky130_fd_sc_hd__inv_2)
     1    0.005135    0.043480    0.072701    4.429661 ^ _269_/Y (sky130_fd_sc_hd__inv_2)
                                                         _030_ (net)
                      0.043481    0.000289    4.429950 ^ _314_/RESET_B (sky130_fd_sc_hd__dfrtp_1)
                                              4.429950   data arrival time

                                 20.000000   20.000000   clock clk (rise edge)
                                  0.000000   20.000000   clock source latency
     1    0.010789    0.054984    0.036751   20.036751 ^ clk (in)
                                                         clk (net)
                      0.054993    0.000000   20.036751 ^ clkbuf_0_clk/A (sky130_fd_sc_hd__clkbuf_16)
     2    0.019357    0.041291    0.128136   20.164886 ^ clkbuf_0_clk/X (sky130_fd_sc_hd__clkbuf_16)
                                                         clknet_0_clk (net)
                      0.041299    0.001044   20.165932 ^ clkbuf_1_0__f_clk/A (sky130_fd_sc_hd__clkbuf_16)
     2    0.004913    0.028690    0.109047   20.274979 ^ clkbuf_1_0__f_clk/X (sky130_fd_sc_hd__clkbuf_16)
                                                         clknet_1_0__leaf_clk (net)
                      0.028691    0.000265   20.275244 ^ _314_/CLK (sky130_fd_sc_hd__dfrtp_1)
                                 -0.250000   20.025244   clock uncertainty
                                  0.000000   20.025244   clock reconvergence pessimism
                                  0.225727   20.250971   library recovery time
                                             20.250971   data required time
---------------------------------------------------------------------------------------------
                                             20.250971   data required time
                                             -4.429950   data arrival time
---------------------------------------------------------------------------------------------
                                             15.821021   slack (MET)


Startpoint: rst (input port clocked by clk)
Endpoint: _315_ (recovery check against rising-edge clock clk)
Path Group: asynchronous
Path Type: max

Fanout         Cap        Slew       Delay        Time   Description
---------------------------------------------------------------------------------------------
                                  0.000000    0.000000   clock clk (rise edge)
                                  0.000000    0.000000   clock network delay (propagated)
                                  4.000000    4.000000 v input external delay
     1    0.002689    0.008360    0.004285    4.004285 v rst (in)
                                                         rst (net)
                      0.008366    0.000000    4.004285 v input17/A (sky130_fd_sc_hd__buf_1)
     2    0.014502    0.089603    0.123245    4.127530 v input17/X (sky130_fd_sc_hd__buf_1)
                                                         net17 (net)
                      0.089608    0.000751    4.128282 v fanout40/A (sky130_fd_sc_hd__clkbuf_4)
    10    0.049903    0.108483    0.224448    4.352729 v fanout40/X (sky130_fd_sc_hd__clkbuf_4)
                                                         net40 (net)
                      0.108714    0.004362    4.357092 v _270_/A (sky130_fd_sc_hd__inv_2)
     1    0.004657    0.042046    0.070962    4.428053 ^ _270_/Y (sky130_fd_sc_hd__inv_2)
                                                         _031_ (net)
                      0.042047    0.000254    4.428307 ^ _315_/RESET_B (sky130_fd_sc_hd__dfrtp_1)
                                              4.428307   data arrival time

                                 20.000000   20.000000   clock clk (rise edge)
                                  0.000000   20.000000   clock source latency
     1    0.010789    0.054984    0.036751   20.036751 ^ clk (in)
                                                         clk (net)
                      0.054993    0.000000   20.036751 ^ clkbuf_0_clk/A (sky130_fd_sc_hd__clkbuf_16)
     2    0.019357    0.041291    0.128136   20.164886 ^ clkbuf_0_clk/X (sky130_fd_sc_hd__clkbuf_16)
                                                         clknet_0_clk (net)
                      0.041298    0.000970   20.165857 ^ clkbuf_1_1__f_clk/A (sky130_fd_sc_hd__clkbuf_16)
     3    0.009330    0.032773    0.113790   20.279648 ^ clkbuf_1_1__f_clk/X (sky130_fd_sc_hd__clkbuf_16)
                                                         clknet_1_1__leaf_clk (net)
                      0.032775    0.000535   20.280182 ^ _315_/CLK (sky130_fd_sc_hd__dfrtp_1)
                                 -0.250000   20.030182   clock uncertainty
                                  0.000000   20.030182   clock reconvergence pessimism
                                  0.227350   20.257534   library recovery time
                                             20.257534   data required time
---------------------------------------------------------------------------------------------
                                             20.257534   data required time
                                             -4.428307   data arrival time
---------------------------------------------------------------------------------------------
                                             15.829226   slack (MET)


Startpoint: _314_ (rising edge-triggered flip-flop clocked by clk)
Endpoint: _272_ (rising edge-triggered flip-flop clocked by clk)
Path Group: clk
Path Type: max

Fanout         Cap        Slew       Delay        Time   Description
---------------------------------------------------------------------------------------------
                                  0.000000    0.000000   clock clk (rise edge)
                                  0.000000    0.000000   clock source latency
     1    0.010789    0.054984    0.036750    0.036750 ^ clk (in)
                                                         clk (net)
                      0.054993    0.000000    0.036750 ^ clkbuf_0_clk/A (sky130_fd_sc_hd__clkbuf_16)
     2    0.019357    0.041291    0.128136    0.164887 ^ clkbuf_0_clk/X (sky130_fd_sc_hd__clkbuf_16)
                                                         clknet_0_clk (net)
                      0.041299    0.001045    0.165932 ^ clkbuf_1_0__f_clk/A (sky130_fd_sc_hd__clkbuf_16)
     2    0.004913    0.028690    0.109048    0.274979 ^ clkbuf_1_0__f_clk/X (sky130_fd_sc_hd__clkbuf_16)
                                                         clknet_1_0__leaf_clk (net)
                      0.028691    0.000263    0.275242 ^ _314_/CLK (sky130_fd_sc_hd__dfrtp_1)
     3    0.009042    0.092878    0.350840    0.626083 ^ _314_/Q (sky130_fd_sc_hd__dfrtp_1)
                                                         clk_counter[0] (net)
                      0.092878    0.000399    0.626482 ^ hold1/A (sky130_fd_sc_hd__dlygate4sd3_1)
     1    0.005180    0.073611    0.568098    1.194580 ^ hold1/X (sky130_fd_sc_hd__dlygate4sd3_1)
                                                         net41 (net)
                      0.073611    0.000397    1.194977 ^ _142_/A (sky130_fd_sc_hd__inv_2)
     3    0.010162    0.033471    0.048261    1.243238 v _142_/Y (sky130_fd_sc_hd__inv_2)
                                                         _000_ (net)
                      0.033496    0.000568    1.243806 v _174_/A (sky130_fd_sc_hd__or3_1)
     1    0.002221    0.060702    0.351851    1.595657 v _174_/X (sky130_fd_sc_hd__or3_1)
                                                         _097_ (net)
                      0.060702    0.000157    1.595814 v hold4/A (sky130_fd_sc_hd__dlygate4sd3_1)
     1    0.004805    0.062897    0.569293    2.165107 v hold4/X (sky130_fd_sc_hd__dlygate4sd3_1)
                                                         net44 (net)
                      0.062897    0.000227    2.165334 v _175_/B (sky130_fd_sc_hd__xnor2_1)
     1    0.004408    0.146149    0.157349    2.322683 ^ _175_/Y (sky130_fd_sc_hd__xnor2_1)
                                                         _033_ (net)
                      0.146149    0.000384    2.323068 ^ _272_/D (sky130_fd_sc_hd__dfstp_1)
                                              2.323068   data arrival time

                                 20.000000   20.000000   clock clk (rise edge)
                                  0.000000   20.000000   clock source latency
     1    0.010789    0.054984    0.036751   20.036751 ^ clk (in)
                                                         clk (net)
                      0.054993    0.000000   20.036751 ^ clkbuf_0_clk/A (sky130_fd_sc_hd__clkbuf_16)
     2    0.019357    0.041291    0.128136   20.164886 ^ clkbuf_0_clk/X (sky130_fd_sc_hd__clkbuf_16)
                                                         clknet_0_clk (net)
                      0.041298    0.000970   20.165857 ^ clkbuf_1_1__f_clk/A (sky130_fd_sc_hd__clkbuf_16)
     3    0.009330    0.032773    0.113790   20.279648 ^ clkbuf_1_1__f_clk/X (sky130_fd_sc_hd__clkbuf_16)
                                                         clknet_1_1__leaf_clk (net)
                      0.032775    0.000531   20.280178 ^ _272_/CLK (sky130_fd_sc_hd__dfstp_1)
                                 -0.250000   20.030178   clock uncertainty
                                  0.000000   20.030178   clock reconvergence pessimism
                                 -0.078127   19.952053   library setup time
                                             19.952053   data required time
---------------------------------------------------------------------------------------------
                                             19.952053   data required time
                                             -2.323068   data arrival time
---------------------------------------------------------------------------------------------
                                             17.628984   slack (MET)


Startpoint: _316_ (rising edge-triggered flip-flop clocked by clk)
Endpoint: _315_ (rising edge-triggered flip-flop clocked by clk)
Path Group: clk
Path Type: max

Fanout         Cap        Slew       Delay        Time   Description
---------------------------------------------------------------------------------------------
                                  0.000000    0.000000   clock clk (rise edge)
                                  0.000000    0.000000   clock source latency
     1    0.010789    0.054984    0.036750    0.036750 ^ clk (in)
                                                         clk (net)
                      0.054993    0.000000    0.036750 ^ clkbuf_0_clk/A (sky130_fd_sc_hd__clkbuf_16)
     2    0.019357    0.041291    0.128136    0.164887 ^ clkbuf_0_clk/X (sky130_fd_sc_hd__clkbuf_16)
                                                         clknet_0_clk (net)
                      0.041299    0.001045    0.165932 ^ clkbuf_1_0__f_clk/A (sky130_fd_sc_hd__clkbuf_16)
     2    0.004913    0.028690    0.109048    0.274979 ^ clkbuf_1_0__f_clk/X (sky130_fd_sc_hd__clkbuf_16)
                                                         clknet_1_0__leaf_clk (net)
                      0.028691    0.000305    0.275284 ^ _316_/CLK (sky130_fd_sc_hd__dfrtp_1)
     2    0.006759    0.057665    0.368873    0.644157 v _316_/Q (sky130_fd_sc_hd__dfrtp_1)
                                                         clk_counter[2] (net)
                      0.057737    0.000432    0.644589 v hold2/A (sky130_fd_sc_hd__dlygate4sd3_1)
     2    0.009629    0.084946    0.597830    1.242418 v hold2/X (sky130_fd_sc_hd__dlygate4sd3_1)
                                                         net42 (net)
                      0.084946    0.000388    1.242807 v _190_/A2 (sky130_fd_sc_hd__o211a_1)
     1    0.004513    0.046282    0.224481    1.467287 v _190_/X (sky130_fd_sc_hd__o211a_1)
                                                         _001_ (net)
                      0.046310    0.000272    1.467559 v _315_/D (sky130_fd_sc_hd__dfrtp_1)
                                              1.467559   data arrival time

                                 20.000000   20.000000   clock clk (rise edge)
                                  0.000000   20.000000   clock source latency
     1    0.010789    0.054984    0.036751   20.036751 ^ clk (in)
                                                         clk (net)
                      0.054993    0.000000   20.036751 ^ clkbuf_0_clk/A (sky130_fd_sc_hd__clkbuf_16)
     2    0.019357    0.041291    0.128136   20.164886 ^ clkbuf_0_clk/X (sky130_fd_sc_hd__clkbuf_16)
                                                         clknet_0_clk (net)
                      0.041298    0.000970   20.165857 ^ clkbuf_1_1__f_clk/A (sky130_fd_sc_hd__clkbuf_16)
     3    0.009330    0.032773    0.113790   20.279648 ^ clkbuf_1_1__f_clk/X (sky130_fd_sc_hd__clkbuf_16)
                                                         clknet_1_1__leaf_clk (net)
                      0.032775    0.000535   20.280182 ^ _315_/CLK (sky130_fd_sc_hd__dfrtp_1)
                                 -0.250000   20.030182   clock uncertainty
                                  0.000000   20.030182   clock reconvergence pessimism
                                 -0.117643   19.912540   library setup time
                                             19.912540   data required time
---------------------------------------------------------------------------------------------
                                             19.912540   data required time
                                             -1.467559   data arrival time
---------------------------------------------------------------------------------------------
                                             18.444981   slack (MET)


Startpoint: _316_ (rising edge-triggered flip-flop clocked by clk)
Endpoint: _316_ (rising edge-triggered flip-flop clocked by clk)
Path Group: clk
Path Type: max

Fanout         Cap        Slew       Delay        Time   Description
---------------------------------------------------------------------------------------------
                                  0.000000    0.000000   clock clk (rise edge)
                                  0.000000    0.000000   clock source latency
     1    0.010789    0.054984    0.036750    0.036750 ^ clk (in)
                                                         clk (net)
                      0.054993    0.000000    0.036750 ^ clkbuf_0_clk/A (sky130_fd_sc_hd__clkbuf_16)
     2    0.019357    0.041291    0.128136    0.164887 ^ clkbuf_0_clk/X (sky130_fd_sc_hd__clkbuf_16)
                                                         clknet_0_clk (net)
                      0.041299    0.001045    0.165932 ^ clkbuf_1_0__f_clk/A (sky130_fd_sc_hd__clkbuf_16)
     2    0.004913    0.028690    0.109048    0.274979 ^ clkbuf_1_0__f_clk/X (sky130_fd_sc_hd__clkbuf_16)
                                                         clknet_1_0__leaf_clk (net)
                      0.028691    0.000305    0.275284 ^ _316_/CLK (sky130_fd_sc_hd__dfrtp_1)
     2    0.006759    0.057665    0.368873    0.644157 v _316_/Q (sky130_fd_sc_hd__dfrtp_1)
                                                         clk_counter[2] (net)
                      0.057737    0.000432    0.644589 v hold2/A (sky130_fd_sc_hd__dlygate4sd3_1)
     2    0.009629    0.084946    0.597830    1.242418 v hold2/X (sky130_fd_sc_hd__dlygate4sd3_1)
                                                         net42 (net)
                      0.084946    0.000342    1.242761 v _191_/A (sky130_fd_sc_hd__xnor2_1)
     1    0.002644    0.045757    0.136189    1.378950 v _191_/Y (sky130_fd_sc_hd__xnor2_1)
                                                         _002_ (net)
                      0.045757    0.000177    1.379127 v _316_/D (sky130_fd_sc_hd__dfrtp_1)
                                              1.379127   data arrival time

                                 20.000000   20.000000   clock clk (rise edge)
                                  0.000000   20.000000   clock source latency
     1    0.010789    0.054984    0.036751   20.036751 ^ clk (in)
                                                         clk (net)
                      0.054993    0.000000   20.036751 ^ clkbuf_0_clk/A (sky130_fd_sc_hd__clkbuf_16)
     2    0.019357    0.041291    0.128136   20.164886 ^ clkbuf_0_clk/X (sky130_fd_sc_hd__clkbuf_16)
                                                         clknet_0_clk (net)
                      0.041299    0.001044   20.165932 ^ clkbuf_1_0__f_clk/A (sky130_fd_sc_hd__clkbuf_16)
     2    0.004913    0.028690    0.109047   20.274979 ^ clkbuf_1_0__f_clk/X (sky130_fd_sc_hd__clkbuf_16)
                                                         clknet_1_0__leaf_clk (net)
                      0.028691    0.000306   20.275284 ^ _316_/CLK (sky130_fd_sc_hd__dfrtp_1)
                                 -0.250000   20.025286   clock uncertainty
                                  0.000000   20.025286   clock reconvergence pessimism
                                 -0.118336   19.906950   library setup time
                                             19.906950   data required time
---------------------------------------------------------------------------------------------
                                             19.906950   data required time
                                             -1.379127   data arrival time
---------------------------------------------------------------------------------------------
                                             18.527822   slack (MET)


Startpoint: _314_ (rising edge-triggered flip-flop clocked by clk)
Endpoint: _314_ (rising edge-triggered flip-flop clocked by clk)
Path Group: clk
Path Type: max

Fanout         Cap        Slew       Delay        Time   Description
---------------------------------------------------------------------------------------------
                                  0.000000    0.000000   clock clk (rise edge)
                                  0.000000    0.000000   clock source latency
     1    0.010789    0.054984    0.036750    0.036750 ^ clk (in)
                                                         clk (net)
                      0.054993    0.000000    0.036750 ^ clkbuf_0_clk/A (sky130_fd_sc_hd__clkbuf_16)
     2    0.019357    0.041291    0.128136    0.164887 ^ clkbuf_0_clk/X (sky130_fd_sc_hd__clkbuf_16)
                                                         clknet_0_clk (net)
                      0.041299    0.001045    0.165932 ^ clkbuf_1_0__f_clk/A (sky130_fd_sc_hd__clkbuf_16)
     2    0.004913    0.028690    0.109048    0.274979 ^ clkbuf_1_0__f_clk/X (sky130_fd_sc_hd__clkbuf_16)
                                                         clknet_1_0__leaf_clk (net)
                      0.028691    0.000263    0.275242 ^ _314_/CLK (sky130_fd_sc_hd__dfrtp_1)
     3    0.008612    0.066258    0.378877    0.654119 v _314_/Q (sky130_fd_sc_hd__dfrtp_1)
                                                         clk_counter[0] (net)
                      0.066259    0.000374    0.654493 v hold1/A (sky130_fd_sc_hd__dlygate4sd3_1)
     1    0.004814    0.062983    0.571805    1.226297 v hold1/X (sky130_fd_sc_hd__dlygate4sd3_1)
                                                         net41 (net)
                      0.062983    0.000368    1.226666 v _142_/A (sky130_fd_sc_hd__inv_2)
     3    0.010652    0.055953    0.072931    1.299597 ^ _142_/Y (sky130_fd_sc_hd__inv_2)
                                                         _000_ (net)
                      0.055982    0.000578    1.300175 ^ _314_/D (sky130_fd_sc_hd__dfrtp_1)
                                              1.300175   data arrival time

                                 20.000000   20.000000   clock clk (rise edge)
                                  0.000000   20.000000   clock source latency
     1    0.010789    0.054984    0.036751   20.036751 ^ clk (in)
                                                         clk (net)
                      0.054993    0.000000   20.036751 ^ clkbuf_0_clk/A (sky130_fd_sc_hd__clkbuf_16)
     2    0.019357    0.041291    0.128136   20.164886 ^ clkbuf_0_clk/X (sky130_fd_sc_hd__clkbuf_16)
                                                         clknet_0_clk (net)
                      0.041299    0.001044   20.165932 ^ clkbuf_1_0__f_clk/A (sky130_fd_sc_hd__clkbuf_16)
     2    0.004913    0.028690    0.109047   20.274979 ^ clkbuf_1_0__f_clk/X (sky130_fd_sc_hd__clkbuf_16)
                                                         clknet_1_0__leaf_clk (net)
                      0.028691    0.000265   20.275244 ^ _314_/CLK (sky130_fd_sc_hd__dfrtp_1)
                                 -0.250000   20.025244   clock uncertainty
                                  0.000000   20.025244   clock reconvergence pessimism
                                 -0.064823   19.960421   library setup time
                                             19.960421   data required time
---------------------------------------------------------------------------------------------
                                             19.960421   data required time
                                             -1.300175   data arrival time
---------------------------------------------------------------------------------------------
                                             18.660246   slack (MET)



